2025-04-30 12:02:57,424- Initiator - INFO    : support files verified.. 
2025-04-30 12:02:57,424- Initiator - DEBUG   : all relations:  ['call_center', 'catalog_page', 'catalog_returns', 'catalog_sales', 'customer', 'customer_address', 'customer_demographics', 'date_dim', 'household_demographics', 'income_band', 'inventory', 'item', 'promotion', 'reason', 'ship_mode', 'store', 'store_returns', 'store_sales', 'time_dim', 'warehouse', 'web_page', 'web_returns', 'web_sales', 'web_site'] 
2025-04-30 12:02:57,425- Initiator - INFO    : loaded pk-fk.. [['call_center', 'cc_call_center_sk', 'y', 'n', '', ''], ['catalog_page', 'cp_catalog_page_sk', 'y', 'n', '', ''], ['catalog_returns', 'cr_item_sk', 'y', 'y', 'item', 'i_item_sk'], ['catalog_returns', 'cr_order_number', 'y', 'n', '', ''], ['catalog_sales', 'cs_item_sk', 'y', 'y', 'item', 'i_item_sk'], ['catalog_sales', 'cs_order_number', 'y', 'n', '', ''], ['customer_address', 'ca_address_sk', 'y', 'n', '', ''], ['customer_demographics', 'cd_demo_sk', 'y', 'n', '', ''], ['customer', 'c_customer_sk', 'y', 'n', '', ''], ['date_dim', 'd_date_sk', 'y', 'n', '', ''], ['household_demographics', 'hd_demo_sk', 'y', 'n', '', ''], ['income_band', 'ib_income_band_sk', 'y', 'n', '', ''], ['inventory', 'inv_date_sk', 'y', 'y', 'date_dim', 'd_date_sk'], ['inventory', 'inv_item_sk', 'y', 'y', 'item', 'i_item_sk'], ['inventory', 'inv_warehouse_sk', 'y', 'y', 'warehouse', 'w_warehouse_sk'], ['item', 'i_item_sk', 'y', 'n', '', ''], ['promotion', 'p_promo_sk', 'y', 'n', '', ''], ['reason', 'r_reason_sk', 'y', 'n', '', ''], ['ship_mode', 'sm_ship_mode_sk', 'y', 'n', '', ''], ['store', 's_store_sk', 'y', 'n', '', ''], ['store_returns', 'sr_item_sk', 'y', 'y', 'item', 'i_item_sk'], ['store_returns', 'sr_ticket_number', 'y', 'n', '', ''], ['store_sales', 'ss_item_sk', 'y', 'y', 'item', 'i_item_sk'], ['store_sales', 'ss_ticket_number', 'y', 'n', '', ''], ['time_dim', 't_time_sk', 'y', 'n', '', ''], ['warehouse', 'w_warehouse_sk', 'y', 'n', '', ''], ['web_page', 'wp_web_page_sk', 'y', 'n', '', ''], ['web_returns', 'wr_item_sk', 'y', 'y', 'item', 'i_item_sk'], ['web_returns', 'wr_order_number', 'y', 'n', '', ''], ['web_sales', 'ws_item_sk', 'y', 'y', 'item', 'i_item_sk'], ['web_sales', 'ws_order_number', 'y', 'n', '', ''], ['web_site', 'web_site_sk', 'y', 'n', '', ''], ['customer', 'c_current_addr_sk', 'n', 'y', 'customer_address', 'ca_address_sk'], ['customer', 'c_current_cdemo_sk', 'n', 'y', 'customer_demographics', 'cd_demo_sk'], ['customer', 'c_first_sales_date_sk', 'n', 'y', 'date_dim', 'd_date_sk'], ['customer', 'c_first_shipto_date_sk', 'n', 'y', 'date_dim', 'd_date_sk'], ['customer', 'c_current_hdemo_sk', 'n', 'y', 'household_demographics', 'hd_demo_sk'], ['call_center', 'cc_closed_date_sk', 'n', 'y', 'date_dim', 'd_date_sk'], ['call_center', 'cc_open_date_sk', 'n', 'y', 'date_dim', 'd_date_sk'], ['catalog_page', 'cp_end_date_sk', 'n', 'y', 'date_dim', 'd_date_sk'], ['catalog_page', 'cp_start_date_sk', 'n', 'y', 'date_dim', 'd_date_sk'], ['catalog_returns', 'cr_refunded_addr_sk', 'n', 'y', 'customer_address', 'ca_address_sk'], ['catalog_returns', 'cr_returning_addr_sk', 'n', 'y', 'customer_address', 'ca_address_sk'], ['catalog_returns', 'cr_refunded_customer_sk', 'n', 'y', 'customer', 'c_customer_sk'], ['catalog_returns', 'cr_returning_customer_sk', 'n', 'y', 'customer', 'c_customer_sk'], ['catalog_returns', 'cr_call_center_sk', 'n', 'y', 'call_center', 'cc_call_center_sk'], ['catalog_returns', 'cr_refunded_cdemo_sk', 'n', 'y', 'customer_demographics', 'cd_demo_sk'], ['catalog_returns', 'cr_returning_cdemo_sk', 'n', 'y', 'customer_demographics', 'cd_demo_sk'], ['catalog_returns', 'cr_catalog_page_sk', 'n', 'y', 'catalog_page', 'cp_catalog_page_sk'], ['catalog_returns', 'cr_returned_date_sk', 'n', 'y', 'date_dim', 'd_date_sk'], ['catalog_returns', 'cr_refunded_hdemo_sk', 'n', 'y', 'household_demographics', 'hd_demo_sk'], ['catalog_returns', 'cr_returning_hdemo_sk', 'n', 'y', 'household_demographics', 'hd_demo_sk'], ['catalog_returns', 'cr_returned_time_sk', 'n', 'y', 'time_dim', 't_time_sk'], ['catalog_returns', 'cr_reason_sk', 'n', 'y', 'reason', 'r_reason_sk'], ['catalog_returns', 'cr_ship_mode_sk', 'n', 'y', 'ship_mode', 'sm_ship_mode_sk'], ['catalog_returns', 'cr_warehouse_sk', 'n', 'y', 'warehouse', 'w_warehouse_sk'], ['catalog_sales', 'cs_bill_addr_sk', 'n', 'y', 'customer_address', 'ca_address_sk'], ['catalog_sales', 'cs_bill_customer_sk', 'n', 'y', 'customer', 'c_customer_sk'], ['catalog_sales', 'cs_bill_cdemo_sk', 'n', 'y', 'customer_demographics', 'cd_demo_sk'], ['catalog_sales', 'cs_bill_hdemo_sk', 'n', 'y', 'household_demographics', 'hd_demo_sk'], ['catalog_sales', 'cs_call_center_sk', 'n', 'y', 'call_center', 'cc_call_center_sk'], ['catalog_sales', 'cs_catalog_page_sk', 'n', 'y', 'catalog_page', 'cp_catalog_page_sk'], ['catalog_sales', 'cs_ship_date_sk', 'n', 'y', 'date_dim', 'd_date_sk'], ['catalog_sales', 'cs_sold_date_sk', 'n', 'y', 'date_dim', 'd_date_sk'], ['catalog_sales', 'cs_promo_sk', 'n', 'y', 'promotion', 'p_promo_sk'], ['catalog_sales', 'cs_ship_addr_sk', 'n', 'y', 'customer_address', 'ca_address_sk'], ['catalog_sales', 'cs_ship_customer_sk', 'n', 'y', 'customer', 'c_customer_sk'], ['catalog_sales', 'cs_ship_cdemo_sk', 'n', 'y', 'customer_demographics', 'cd_demo_sk'], ['catalog_sales', 'cs_ship_hdemo_sk', 'n', 'y', 'household_demographics', 'hd_demo_sk'], ['catalog_sales', 'cs_ship_mode_sk', 'n', 'y', 'ship_mode', 'sm_ship_mode_sk'], ['catalog_sales', 'cs_sold_time_sk', 'n', 'y', 'time_dim', 't_time_sk'], ['catalog_sales', 'cs_warehouse_sk', 'n', 'y', 'warehouse', 'w_warehouse_sk'], ['household_demographics', 'hd_income_band_sk', 'n', 'y', 'income_band', 'ib_income_band_sk'], ['promotion', 'p_end_date_sk', 'n', 'y', 'date_dim', 'd_date_sk'], ['promotion', 'p_item_sk', 'n', 'y', 'item', 'i_item_sk'], ['promotion', 'p_start_date_sk', 'n', 'y', 'date_dim', 'd_date_sk'], ['store', 's_closed_date_sk', 'n', 'y', 'date_dim', 'd_date_sk'], ['store_returns', 'sr_addr_sk', 'n', 'y', 'customer_address', 'ca_address_sk'], ['store_returns', 'sr_customer_sk', 'n', 'y', 'customer', 'c_customer_sk'], ['store_returns', 'sr_cdemo_sk', 'n', 'y', 'customer_demographics', 'cd_demo_sk'], ['store_returns', 'sr_hdemo_sk', 'n', 'y', 'household_demographics', 'hd_demo_sk'], ['store_returns', 'sr_reason_sk', 'n', 'y', 'reason', 'r_reason_sk'], ['store_returns', 'sr_returned_date_sk', 'n', 'y', 'date_dim', 'd_date_sk'], ['store_returns', 'sr_store_sk', 'n', 'y', 'store', 's_store_sk'], ['store_returns', 'sr_return_time_sk', 'n', 'y', 'time_dim', 't_time_sk'], ['store_sales', 'ss_addr_sk', 'n', 'y', 'customer_address', 'ca_address_sk'], ['store_sales', 'ss_customer_sk', 'n', 'y', 'customer', 'c_customer_sk'], ['store_sales', 'ss_cdemo_sk', 'n', 'y', 'customer_demographics', 'cd_demo_sk'], ['store_sales', 'ss_sold_date_sk', 'n', 'y', 'date_dim', 'd_date_sk'], ['store_sales', 'ss_hdemo_sk', 'n', 'y', 'household_demographics', 'hd_demo_sk'], ['store_sales', 'ss_promo_sk', 'n', 'y', 'promotion', 'p_promo_sk'], ['store_sales', 'ss_store_sk', 'n', 'y', 'store', 's_store_sk'], ['store_sales', 'ss_sold_time_sk', 'n', 'y', 'time_dim', 't_time_sk'], ['web_site', 'web_close_date_sk', 'n', 'y', 'date_dim', 'd_date_sk'], ['web_site', 'web_open_date_sk', 'n', 'y', 'date_dim', 'd_date_sk'], ['web_page', 'wp_access_date_sk', 'n', 'y', 'date_dim', 'd_date_sk'], ['web_page', 'wp_creation_date_sk', 'n', 'y', 'date_dim', 'd_date_sk'], ['web_returns', 'wr_reason_sk', 'n', 'y', 'reason', 'r_reason_sk'], ['web_returns', 'wr_refunded_addr_sk', 'n', 'y', 'customer_address', 'ca_address_sk'], ['web_returns', 'wr_refunded_customer_sk', 'n', 'y', 'customer', 'c_customer_sk'], ['web_returns', 'wr_refunded_cdemo_sk', 'n', 'y', 'customer_demographics', 'cd_demo_sk'], ['web_returns', 'wr_refunded_hdemo_sk', 'n', 'y', 'household_demographics', 'hd_demo_sk'], ['web_returns', 'wr_returning_addr_sk', 'n', 'y', 'customer_address', 'ca_address_sk'], ['web_returns', 'wr_returning_customer_sk', 'n', 'y', 'customer', 'c_customer_sk'], ['web_returns', 'wr_returning_cdemo_sk', 'n', 'y', 'customer_demographics', 'cd_demo_sk'], ['web_returns', 'wr_returning_hdemo_sk', 'n', 'y', 'household_demographics', 'hd_demo_sk'], ['web_returns', 'wr_returned_date_sk', 'n', 'y', 'date_dim', 'd_date_sk'], ['web_returns', 'wr_returned_time_sk', 'n', 'y', 'time_dim', 't_time_sk'], ['web_returns', 'wr_web_page_sk', 'n', 'y', 'web_page', 'wp_web_page_sk'], ['web_sales', 'ws_bill_addr_sk', 'n', 'y', 'customer_address', 'ca_address_sk'], ['web_sales', 'ws_bill_customer_sk', 'n', 'y', 'customer', 'c_customer_sk'], ['web_sales', 'ws_bill_cdemo_sk', 'n', 'y', 'customer_demographics', 'cd_demo_sk'], ['web_sales', 'ws_bill_hdemo_sk', 'n', 'y', 'household_demographics', 'hd_demo_sk'], ['web_sales', 'ws_sold_date_sk', 'n', 'y', 'date_dim', 'd_date_sk'], ['web_sales', 'ws_promo_sk', 'n', 'y', 'promotion', 'p_promo_sk'], ['web_sales', 'ws_ship_addr_sk', 'n', 'y', 'customer_address', 'ca_address_sk'], ['web_sales', 'ws_ship_customer_sk', 'n', 'y', 'customer', 'c_customer_sk'], ['web_sales', 'ws_ship_cdemo_sk', 'n', 'y', 'customer_demographics', 'cd_demo_sk'], ['web_sales', 'ws_ship_date_sk', 'n', 'y', 'date_dim', 'd_date_sk'], ['web_sales', 'ws_ship_hdemo_sk', 'n', 'y', 'household_demographics', 'hd_demo_sk'], ['web_sales', 'ws_ship_mode_sk', 'n', 'y', 'ship_mode', 'sm_ship_mode_sk'], ['web_sales', 'ws_sold_time_sk', 'n', 'y', 'time_dim', 't_time_sk'], ['web_sales', 'ws_warehouse_sk', 'n', 'y', 'warehouse', 'w_warehouse_sk'], ['web_sales', 'ws_web_page_sk', 'n', 'y', 'web_page', 'wp_web_page_sk'], ['web_sales', 'ws_web_site_sk', 'n', 'y', 'web_site', 'web_site_sk']] 
2025-04-30 12:02:57,425- Initiator - DEBUG   : ..cur execute..Drop Schema if exists unmasque cascade; 
2025-04-30 12:02:57,425- Initiator - DEBUG   : ..cur execute..Create Schema unmasque; 
2025-04-30 12:02:57,425- Initiator - INFO    : Working schema set to unmasque 
2025-04-30 12:02:57,837- Initiator - DEBUG   : {'call_center': 6, 'catalog_page': 11718, 'catalog_returns': 144067, 'catalog_sales': 1441548, 'customer': 100000, 'customer_address': 50000, 'customer_demographics': 1920800, 'date_dim': 73049, 'household_demographics': 7200, 'income_band': 20, 'inventory': 11745000, 'item': 18000, 'promotion': 300, 'reason': 35, 'ship_mode': 20, 'store': 12, 'store_returns': 287867, 'store_sales': 2880404, 'time_dim': 86400, 'warehouse': 5, 'web_page': 60, 'web_returns': 71654, 'web_sales': 719384, 'web_site': 30} 
2025-04-30 12:02:57,838- Scale Down - DEBUG   : ..cur execute..Drop Schema if exists unmasque_dscale cascade; 
2025-04-30 12:02:57,839- Scale Down - DEBUG   : ..cur execute..Create Schema unmasque_dscale; 
2025-04-30 12:02:57,839- Scale Down - DEBUG   : ..cur execute..Create table if not exists unmasque_dscale.call_center (like public.call_center including indexes);  
2025-04-30 12:02:57,938- Scale Down - DEBUG   : ..cur execute..Create table if not exists unmasque_dscale.catalog_page (like public.catalog_page including indexes);  
2025-04-30 12:02:57,972- Scale Down - DEBUG   : ..cur execute..Create table if not exists unmasque_dscale.catalog_returns (like public.catalog_returns including indexes);  
2025-04-30 12:02:57,973- Scale Down - DEBUG   : ..cur execute..Create table if not exists unmasque_dscale.catalog_sales (like public.catalog_sales including indexes);  
2025-04-30 12:02:57,976- Scale Down - DEBUG   : ..cur execute..Create table if not exists unmasque_dscale.customer (like public.customer including indexes);  
2025-04-30 12:02:58,005- Scale Down - DEBUG   : ..cur execute..Create table if not exists unmasque_dscale.customer_address (like public.customer_address including indexes);  
2025-04-30 12:02:58,105- Scale Down - DEBUG   : ..cur execute..Create table if not exists unmasque_dscale.customer_demographics (like public.customer_demographics including indexes);  
2025-04-30 12:02:58,181- Scale Down - DEBUG   : ..cur execute..Create table if not exists unmasque_dscale.date_dim (like public.date_dim including indexes);  
2025-04-30 12:02:58,215- Scale Down - DEBUG   : ..cur execute..Create table if not exists unmasque_dscale.household_demographics (like public.household_demographics including indexes);  
2025-04-30 12:02:58,299- Scale Down - DEBUG   : ..cur execute..Create table if not exists unmasque_dscale.income_band (like public.income_band including indexes);  
2025-04-30 12:02:58,301- Scale Down - DEBUG   : ..cur execute..Create table if not exists unmasque_dscale.inventory (like public.inventory including indexes);  
2025-04-30 12:02:58,302- Scale Down - DEBUG   : ..cur execute..Create table if not exists unmasque_dscale.item (like public.item including indexes);  
2025-04-30 12:02:58,341- Scale Down - DEBUG   : ..cur execute..Create table if not exists unmasque_dscale.promotion (like public.promotion including indexes);  
2025-04-30 12:02:58,407- Scale Down - DEBUG   : ..cur execute..Create table if not exists unmasque_dscale.reason (like public.reason including indexes);  
2025-04-30 12:02:58,500- Scale Down - DEBUG   : ..cur execute..Create table if not exists unmasque_dscale.ship_mode (like public.ship_mode including indexes);  
2025-04-30 12:02:58,542- Scale Down - DEBUG   : ..cur execute..Create table if not exists unmasque_dscale.store (like public.store including indexes);  
2025-04-30 12:02:58,584- Scale Down - DEBUG   : ..cur execute..Create table if not exists unmasque_dscale.store_returns (like public.store_returns including indexes);  
2025-04-30 12:02:58,585- Scale Down - DEBUG   : ..cur execute..Create table if not exists unmasque_dscale.store_sales (like public.store_sales including indexes);  
2025-04-30 12:02:58,587- Scale Down - DEBUG   : ..cur execute..Create table if not exists unmasque_dscale.time_dim (like public.time_dim including indexes);  
2025-04-30 12:02:58,648- Scale Down - DEBUG   : ..cur execute..Create table if not exists unmasque_dscale.warehouse (like public.warehouse including indexes);  
2025-04-30 12:02:58,693- Scale Down - DEBUG   : ..cur execute..Create table if not exists unmasque_dscale.web_page (like public.web_page including indexes);  
2025-04-30 12:02:58,734- Scale Down - DEBUG   : ..cur execute..Create table if not exists unmasque_dscale.web_returns (like public.web_returns including indexes);  
2025-04-30 12:02:58,736- Scale Down - DEBUG   : ..cur execute..Create table if not exists unmasque_dscale.web_sales (like public.web_sales including indexes);  
2025-04-30 12:02:58,738- Scale Down - DEBUG   : ..cur execute..Create table if not exists unmasque_dscale.web_site (like public.web_site including indexes);  
2025-04-30 12:02:58,768- Scale Down - DEBUG   : Starting scaling down  sampling  
2025-04-30 12:02:58,769- Scale Down - DEBUG   : ..cur execute..Create table if not exists unmasque_dscale.call_center (like public.call_center including indexes);  
2025-04-30 12:02:58,769- Scale Down - DEBUG   : ..cur execute..Create table if not exists unmasque_dscale.catalog_page (like public.catalog_page including indexes);  
2025-04-30 12:02:58,769- Scale Down - DEBUG   : ..cur execute..Create table if not exists unmasque_dscale.catalog_returns (like public.catalog_returns including indexes);  
2025-04-30 12:02:58,770- Scale Down - DEBUG   : ..cur execute..Create table if not exists unmasque_dscale.catalog_sales (like public.catalog_sales including indexes);  
2025-04-30 12:02:58,770- Scale Down - DEBUG   : ..cur execute..Create table if not exists unmasque_dscale.customer (like public.customer including indexes);  
2025-04-30 12:02:58,770- Scale Down - DEBUG   : ..cur execute..Create table if not exists unmasque_dscale.customer_address (like public.customer_address including indexes);  
2025-04-30 12:02:58,771- Scale Down - DEBUG   : ..cur execute..Create table if not exists unmasque_dscale.customer_demographics (like public.customer_demographics including indexes);  
2025-04-30 12:02:58,771- Scale Down - DEBUG   : ..cur execute..Create table if not exists unmasque_dscale.date_dim (like public.date_dim including indexes);  
2025-04-30 12:02:58,771- Scale Down - DEBUG   : ..cur execute..Create table if not exists unmasque_dscale.household_demographics (like public.household_demographics including indexes);  
2025-04-30 12:02:58,771- Scale Down - DEBUG   : ..cur execute..Create table if not exists unmasque_dscale.income_band (like public.income_band including indexes);  
2025-04-30 12:02:58,772- Scale Down - DEBUG   : ..cur execute..Create table if not exists unmasque_dscale.inventory (like public.inventory including indexes);  
2025-04-30 12:02:58,772- Scale Down - DEBUG   : ..cur execute..Create table if not exists unmasque_dscale.item (like public.item including indexes);  
2025-04-30 12:02:58,772- Scale Down - DEBUG   : ..cur execute..Create table if not exists unmasque_dscale.promotion (like public.promotion including indexes);  
2025-04-30 12:02:58,772- Scale Down - DEBUG   : ..cur execute..Create table if not exists unmasque_dscale.reason (like public.reason including indexes);  
2025-04-30 12:02:58,773- Scale Down - DEBUG   : ..cur execute..Create table if not exists unmasque_dscale.ship_mode (like public.ship_mode including indexes);  
2025-04-30 12:02:58,773- Scale Down - DEBUG   : ..cur execute..Create table if not exists unmasque_dscale.store (like public.store including indexes);  
2025-04-30 12:02:58,773- Scale Down - DEBUG   : ..cur execute..Create table if not exists unmasque_dscale.store_returns (like public.store_returns including indexes);  
2025-04-30 12:02:58,773- Scale Down - DEBUG   : ..cur execute..Create table if not exists unmasque_dscale.store_sales (like public.store_sales including indexes);  
2025-04-30 12:02:58,774- Scale Down - DEBUG   : ..cur execute..Create table if not exists unmasque_dscale.time_dim (like public.time_dim including indexes);  
2025-04-30 12:02:58,774- Scale Down - DEBUG   : ..cur execute..Create table if not exists unmasque_dscale.warehouse (like public.warehouse including indexes);  
2025-04-30 12:02:58,774- Scale Down - DEBUG   : ..cur execute..Create table if not exists unmasque_dscale.web_page (like public.web_page including indexes);  
2025-04-30 12:02:58,774- Scale Down - DEBUG   : ..cur execute..Create table if not exists unmasque_dscale.web_returns (like public.web_returns including indexes);  
2025-04-30 12:02:58,775- Scale Down - DEBUG   : ..cur execute..Create table if not exists unmasque_dscale.web_sales (like public.web_sales including indexes);  
2025-04-30 12:02:58,775- Scale Down - DEBUG   : ..cur execute..Create table if not exists unmasque_dscale.web_site (like public.web_site including indexes);  
2025-04-30 12:02:58,775- Scale Down - DEBUG   : ..cur execute..Truncate Table unmasque_dscale.call_center; 
2025-04-30 12:02:58,851- Scale Down - DEBUG   : ..cur execute..Truncate Table unmasque_dscale.catalog_page; 
2025-04-30 12:02:58,944- Scale Down - DEBUG   : ..cur execute..Truncate Table unmasque_dscale.catalog_returns; 
2025-04-30 12:02:58,964- Scale Down - DEBUG   : ..cur execute..Truncate Table unmasque_dscale.catalog_sales; 
2025-04-30 12:02:58,980- Scale Down - DEBUG   : ..cur execute..Truncate Table unmasque_dscale.customer; 
2025-04-30 12:02:59,060- Scale Down - DEBUG   : ..cur execute..Truncate Table unmasque_dscale.customer_address; 
2025-04-30 12:02:59,152- Scale Down - DEBUG   : ..cur execute..Truncate Table unmasque_dscale.customer_demographics; 
2025-04-30 12:02:59,262- Scale Down - DEBUG   : ..cur execute..Truncate Table unmasque_dscale.date_dim; 
2025-04-30 12:02:59,337- Scale Down - DEBUG   : ..cur execute..Truncate Table unmasque_dscale.household_demographics; 
2025-04-30 12:02:59,451- Scale Down - DEBUG   : ..cur execute..Truncate Table unmasque_dscale.income_band; 
2025-04-30 12:02:59,481- Scale Down - DEBUG   : ..cur execute..Truncate Table unmasque_dscale.inventory; 
2025-04-30 12:02:59,497- Scale Down - DEBUG   : ..cur execute..Truncate Table unmasque_dscale.item; 
2025-04-30 12:02:59,629- Scale Down - DEBUG   : ..cur execute..Truncate Table unmasque_dscale.promotion; 
2025-04-30 12:02:59,729- Scale Down - DEBUG   : ..cur execute..Truncate Table unmasque_dscale.reason; 
2025-04-30 12:02:59,829- Scale Down - DEBUG   : ..cur execute..Truncate Table unmasque_dscale.ship_mode; 
2025-04-30 12:02:59,930- Scale Down - DEBUG   : ..cur execute..Truncate Table unmasque_dscale.store; 
2025-04-30 12:03:00,030- Scale Down - DEBUG   : ..cur execute..Truncate Table unmasque_dscale.store_returns; 
2025-04-30 12:03:00,056- Scale Down - DEBUG   : ..cur execute..Truncate Table unmasque_dscale.store_sales; 
2025-04-30 12:03:00,071- Scale Down - DEBUG   : ..cur execute..Truncate Table unmasque_dscale.time_dim; 
2025-04-30 12:03:00,167- Scale Down - DEBUG   : ..cur execute..Truncate Table unmasque_dscale.warehouse; 
2025-04-30 12:03:00,256- Scale Down - DEBUG   : ..cur execute..Truncate Table unmasque_dscale.web_page; 
2025-04-30 12:03:00,339- Scale Down - DEBUG   : ..cur execute..Truncate Table unmasque_dscale.web_returns; 
2025-04-30 12:03:00,363- Scale Down - DEBUG   : ..cur execute..Truncate Table unmasque_dscale.web_sales; 
2025-04-30 12:03:00,380- Scale Down - DEBUG   : ..cur execute..Truncate Table unmasque_dscale.web_site; 
2025-04-30 12:03:00,531- Scale Down - DEBUG   : ..cur execute..insert into unmasque_dscale.catalog_sales (select * from public.catalog_sales tablesample system(0.16) where (cs_call_center_sk) not in (select distinct(cs_call_center_sk) from unmasque_dscale.catalog_sales) Limit 1441548 ); 
2025-04-30 12:03:00,542- Scale Down - DEBUG   : catalog_sales 2537 
2025-04-30 12:03:00,543- Scale Down - DEBUG   : ..cur execute..insert into unmasque_dscale.call_center (select * from public.call_center where cc_call_center_sk in (select distinct(cs_call_center_sk) from unmasque_dscale.catalog_sales) and cc_call_center_sk not in (select distinct(cc_call_center_sk) from unmasque_dscale.call_center) Limit 6) ; 
2025-04-30 12:03:00,545- Scale Down - DEBUG   : call_center 6 
2025-04-30 12:03:00,545- Scale Down - DEBUG   : ..cur execute..insert into unmasque_dscale.catalog_returns (select * from public.catalog_returns where cr_call_center_sk in (select distinct(cs_call_center_sk) from unmasque_dscale.catalog_sales) and cr_call_center_sk not in (select distinct(cr_call_center_sk) from unmasque_dscale.catalog_returns) Limit 144067) ; 
2025-04-30 12:03:00,831- Scale Down - DEBUG   : catalog_returns 141152 
2025-04-30 12:03:00,832- Scale Down - DEBUG   : ..cur execute..insert into unmasque_dscale.catalog_sales (select * from public.catalog_sales tablesample system(0.16) where (cs_catalog_page_sk) not in (select distinct(cs_catalog_page_sk) from unmasque_dscale.catalog_sales) Limit 1441548 ); 
2025-04-30 12:03:00,834- Scale Down - DEBUG   : catalog_sales 2537 
2025-04-30 12:03:00,835- Scale Down - DEBUG   : ..cur execute..insert into unmasque_dscale.catalog_page (select * from public.catalog_page where cp_catalog_page_sk in (select distinct(cs_catalog_page_sk) from unmasque_dscale.catalog_sales) and cp_catalog_page_sk not in (select distinct(cp_catalog_page_sk) from unmasque_dscale.catalog_page) Limit 11718) ; 
2025-04-30 12:03:00,839- Scale Down - DEBUG   : catalog_page 1554 
2025-04-30 12:03:00,839- Scale Down - DEBUG   : ..cur execute..insert into unmasque_dscale.catalog_returns (select * from public.catalog_returns where cr_catalog_page_sk in (select distinct(cs_catalog_page_sk) from unmasque_dscale.catalog_sales) and cr_catalog_page_sk not in (select distinct(cr_catalog_page_sk) from unmasque_dscale.catalog_returns) Limit 144067) ; 
2025-04-30 12:03:00,908- Scale Down - DEBUG   : catalog_returns 141152 
2025-04-30 12:03:00,908- Scale Down - DEBUG   : ..cur execute..insert into unmasque_dscale.inventory (select * from public.inventory tablesample system(0.16) where (inv_item_sk) not in (select distinct(inv_item_sk) from unmasque_dscale.inventory) Limit 11745000 ); 
2025-04-30 12:03:00,921- Scale Down - DEBUG   : inventory 20720 
2025-04-30 12:03:00,921- Scale Down - DEBUG   : ..cur execute..insert into unmasque_dscale.catalog_returns (select * from public.catalog_returns where cr_item_sk in (select distinct(inv_item_sk) from unmasque_dscale.inventory) and cr_item_sk not in (select distinct(cr_item_sk) from unmasque_dscale.catalog_returns) Limit 144067) ; 
2025-04-30 12:03:00,999- Scale Down - DEBUG   : catalog_returns 141155 
2025-04-30 12:03:00,999- Scale Down - DEBUG   : ..cur execute..insert into unmasque_dscale.item (select * from public.item where i_item_sk in (select distinct(inv_item_sk) from unmasque_dscale.inventory) and i_item_sk not in (select distinct(i_item_sk) from unmasque_dscale.item) Limit 18000) ; 
2025-04-30 12:03:01,110- Scale Down - DEBUG   : item 11446 
2025-04-30 12:03:01,111- Scale Down - DEBUG   : ..cur execute..insert into unmasque_dscale.catalog_sales (select * from public.catalog_sales where cs_item_sk in (select distinct(inv_item_sk) from unmasque_dscale.inventory) and cs_item_sk not in (select distinct(cs_item_sk) from unmasque_dscale.catalog_sales) Limit 1441548) ; 
2025-04-30 12:03:04,368- Scale Down - DEBUG   : catalog_sales 849074 
2025-04-30 12:03:04,369- Scale Down - DEBUG   : ..cur execute..insert into unmasque_dscale.store_returns (select * from public.store_returns where sr_item_sk in (select distinct(inv_item_sk) from unmasque_dscale.inventory) and sr_item_sk not in (select distinct(sr_item_sk) from unmasque_dscale.store_returns) Limit 287867) ; 
2025-04-30 12:03:04,680- Scale Down - DEBUG   : store_returns 204110 
2025-04-30 12:03:04,681- Scale Down - DEBUG   : ..cur execute..insert into unmasque_dscale.store_sales (select * from public.store_sales where ss_item_sk in (select distinct(inv_item_sk) from unmasque_dscale.inventory) and ss_item_sk not in (select distinct(ss_item_sk) from unmasque_dscale.store_sales) Limit 2880404) ; 
2025-04-30 12:03:10,873- Scale Down - DEBUG   : store_sales 2038673 
2025-04-30 12:03:10,873- Scale Down - DEBUG   : ..cur execute..insert into unmasque_dscale.web_returns (select * from public.web_returns where wr_item_sk in (select distinct(inv_item_sk) from unmasque_dscale.inventory) and wr_item_sk not in (select distinct(wr_item_sk) from unmasque_dscale.web_returns) Limit 71654) ; 
2025-04-30 12:03:11,083- Scale Down - DEBUG   : web_returns 50867 
2025-04-30 12:03:11,084- Scale Down - DEBUG   : ..cur execute..insert into unmasque_dscale.web_sales (select * from public.web_sales where ws_item_sk in (select distinct(inv_item_sk) from unmasque_dscale.inventory) and ws_item_sk not in (select distinct(ws_item_sk) from unmasque_dscale.web_sales) Limit 719384) ; 
2025-04-30 12:03:12,994- Scale Down - DEBUG   : web_sales 509129 
2025-04-30 12:03:12,994- Scale Down - DEBUG   : ..cur execute..insert into unmasque_dscale.promotion (select * from public.promotion where p_item_sk in (select distinct(inv_item_sk) from unmasque_dscale.inventory) and p_item_sk not in (select distinct(p_item_sk) from unmasque_dscale.promotion) Limit 300) ; 
2025-04-30 12:03:13,001- Scale Down - DEBUG   : promotion 208 
2025-04-30 12:03:13,001- Scale Down - DEBUG   : ..cur execute..insert into unmasque_dscale.store_sales (select * from public.store_sales tablesample system(0.16) where (ss_addr_sk) not in (select distinct(ss_addr_sk) from unmasque_dscale.store_sales) Limit 2880404 ); 
2025-04-30 12:03:13,445- Scale Down - DEBUG   : store_sales 2038673 
2025-04-30 12:03:13,445- Scale Down - DEBUG   : ..cur execute..insert into unmasque_dscale.customer_address (select * from public.customer_address where ca_address_sk in (select distinct(ss_addr_sk) from unmasque_dscale.store_sales) and ca_address_sk not in (select distinct(ca_address_sk) from unmasque_dscale.customer_address) Limit 50000) ; 
2025-04-30 12:03:13,856- Scale Down - DEBUG   : customer_address 49600 
2025-04-30 12:03:13,856- Scale Down - DEBUG   : ..cur execute..insert into unmasque_dscale.customer (select * from public.customer where c_current_addr_sk in (select distinct(ss_addr_sk) from unmasque_dscale.store_sales) and c_current_addr_sk not in (select distinct(c_current_addr_sk) from unmasque_dscale.customer) Limit 100000) ; 
2025-04-30 12:03:14,359- Scale Down - DEBUG   : customer 99174 
2025-04-30 12:03:14,359- Scale Down - DEBUG   : ..cur execute..insert into unmasque_dscale.catalog_returns (select * from public.catalog_returns where cr_refunded_addr_sk in (select distinct(ss_addr_sk) from unmasque_dscale.store_sales) and cr_refunded_addr_sk not in (select distinct(cr_refunded_addr_sk) from unmasque_dscale.catalog_returns) Limit 144067) ; 
2025-04-30 12:03:14,447- Scale Down - DEBUG   : catalog_returns 141155 
2025-04-30 12:03:14,448- Scale Down - DEBUG   : ..cur execute..insert into unmasque_dscale.catalog_returns (select * from public.catalog_returns where cr_returning_addr_sk in (select distinct(ss_addr_sk) from unmasque_dscale.store_sales) and cr_returning_addr_sk not in (select distinct(cr_returning_addr_sk) from unmasque_dscale.catalog_returns) Limit 144067) ; 
2025-04-30 12:03:14,543- Scale Down - DEBUG   : catalog_returns 141155 
2025-04-30 12:03:14,544- Scale Down - DEBUG   : ..cur execute..insert into unmasque_dscale.catalog_sales (select * from public.catalog_sales where cs_bill_addr_sk in (select distinct(ss_addr_sk) from unmasque_dscale.store_sales) and cs_bill_addr_sk not in (select distinct(cs_bill_addr_sk) from unmasque_dscale.catalog_sales) Limit 1441548) ; 
2025-04-30 12:03:15,067- Scale Down - DEBUG   : catalog_sales 849074 
2025-04-30 12:03:15,067- Scale Down - DEBUG   : ..cur execute..insert into unmasque_dscale.catalog_sales (select * from public.catalog_sales where cs_ship_addr_sk in (select distinct(ss_addr_sk) from unmasque_dscale.store_sales) and cs_ship_addr_sk not in (select distinct(cs_ship_addr_sk) from unmasque_dscale.catalog_sales) Limit 1441548) ; 
2025-04-30 12:03:15,619- Scale Down - DEBUG   : catalog_sales 849074 
2025-04-30 12:03:15,620- Scale Down - DEBUG   : ..cur execute..insert into unmasque_dscale.store_returns (select * from public.store_returns where sr_addr_sk in (select distinct(ss_addr_sk) from unmasque_dscale.store_sales) and sr_addr_sk not in (select distinct(sr_addr_sk) from unmasque_dscale.store_returns) Limit 287867) ; 
2025-04-30 12:03:15,747- Scale Down - DEBUG   : store_returns 204110 
2025-04-30 12:03:15,748- Scale Down - DEBUG   : ..cur execute..insert into unmasque_dscale.web_returns (select * from public.web_returns where wr_refunded_addr_sk in (select distinct(ss_addr_sk) from unmasque_dscale.store_sales) and wr_refunded_addr_sk not in (select distinct(wr_refunded_addr_sk) from unmasque_dscale.web_returns) Limit 71654) ; 
2025-04-30 12:03:15,786- Scale Down - DEBUG   : web_returns 50867 
2025-04-30 12:03:15,786- Scale Down - DEBUG   : ..cur execute..insert into unmasque_dscale.web_returns (select * from public.web_returns where wr_returning_addr_sk in (select distinct(ss_addr_sk) from unmasque_dscale.store_sales) and wr_returning_addr_sk not in (select distinct(wr_returning_addr_sk) from unmasque_dscale.web_returns) Limit 71654) ; 
2025-04-30 12:03:15,826- Scale Down - DEBUG   : web_returns 50867 
2025-04-30 12:03:15,826- Scale Down - DEBUG   : ..cur execute..insert into unmasque_dscale.web_sales (select * from public.web_sales where ws_bill_addr_sk in (select distinct(ss_addr_sk) from unmasque_dscale.store_sales) and ws_bill_addr_sk not in (select distinct(ws_bill_addr_sk) from unmasque_dscale.web_sales) Limit 719384) ; 
2025-04-30 12:03:16,116- Scale Down - DEBUG   : web_sales 509129 
2025-04-30 12:03:16,117- Scale Down - DEBUG   : ..cur execute..insert into unmasque_dscale.web_sales (select * from public.web_sales where ws_ship_addr_sk in (select distinct(ss_addr_sk) from unmasque_dscale.store_sales) and ws_ship_addr_sk not in (select distinct(ws_ship_addr_sk) from unmasque_dscale.web_sales) Limit 719384) ; 
2025-04-30 12:03:16,431- Scale Down - DEBUG   : web_sales 509129 
2025-04-30 12:03:16,431- Scale Down - DEBUG   : ..cur execute..insert into unmasque_dscale.store_sales (select * from public.store_sales tablesample system(0.16) where (ss_cdemo_sk) not in (select distinct(ss_cdemo_sk) from unmasque_dscale.store_sales) Limit 2880404 ); 
2025-04-30 12:03:16,930- Scale Down - DEBUG   : store_sales 2038673 
2025-04-30 12:03:16,930- Scale Down - DEBUG   : ..cur execute..insert into unmasque_dscale.customer_demographics (select * from public.customer_demographics where cd_demo_sk in (select distinct(ss_cdemo_sk) from unmasque_dscale.store_sales) and cd_demo_sk not in (select distinct(cd_demo_sk) from unmasque_dscale.customer_demographics) Limit 1920800) ; 
2025-04-30 12:03:17,933- Scale Down - DEBUG   : customer_demographics 225771 
2025-04-30 12:03:17,933- Scale Down - DEBUG   : ..cur execute..insert into unmasque_dscale.customer (select * from public.customer where c_current_cdemo_sk in (select distinct(ss_cdemo_sk) from unmasque_dscale.store_sales) and c_current_cdemo_sk not in (select distinct(c_current_cdemo_sk) from unmasque_dscale.customer) Limit 100000) ; 
2025-04-30 12:03:18,020- Scale Down - DEBUG   : customer 99174 
2025-04-30 12:03:18,020- Scale Down - DEBUG   : ..cur execute..insert into unmasque_dscale.catalog_returns (select * from public.catalog_returns where cr_refunded_cdemo_sk in (select distinct(ss_cdemo_sk) from unmasque_dscale.store_sales) and cr_refunded_cdemo_sk not in (select distinct(cr_refunded_cdemo_sk) from unmasque_dscale.catalog_returns) Limit 144067) ; 
2025-04-30 12:03:18,147- Scale Down - DEBUG   : catalog_returns 141155 
2025-04-30 12:03:18,170- Scale Down - DEBUG   : ..cur execute..insert into unmasque_dscale.catalog_returns (select * from public.catalog_returns where cr_returning_cdemo_sk in (select distinct(ss_cdemo_sk) from unmasque_dscale.store_sales) and cr_returning_cdemo_sk not in (select distinct(cr_returning_cdemo_sk) from unmasque_dscale.catalog_returns) Limit 144067) ; 
2025-04-30 12:03:18,328- Scale Down - DEBUG   : catalog_returns 141155 
2025-04-30 12:03:18,329- Scale Down - DEBUG   : ..cur execute..insert into unmasque_dscale.catalog_sales (select * from public.catalog_sales where cs_bill_cdemo_sk in (select distinct(ss_cdemo_sk) from unmasque_dscale.store_sales) and cs_bill_cdemo_sk not in (select distinct(cs_bill_cdemo_sk) from unmasque_dscale.catalog_sales) Limit 1441548) ; 
2025-04-30 12:03:18,862- Scale Down - DEBUG   : catalog_sales 849074 
2025-04-30 12:03:18,863- Scale Down - DEBUG   : ..cur execute..insert into unmasque_dscale.catalog_sales (select * from public.catalog_sales where cs_ship_cdemo_sk in (select distinct(ss_cdemo_sk) from unmasque_dscale.store_sales) and cs_ship_cdemo_sk not in (select distinct(cs_ship_cdemo_sk) from unmasque_dscale.catalog_sales) Limit 1441548) ; 
2025-04-30 12:03:19,548- Scale Down - DEBUG   : catalog_sales 849074 
2025-04-30 12:03:19,548- Scale Down - DEBUG   : ..cur execute..insert into unmasque_dscale.store_returns (select * from public.store_returns where sr_cdemo_sk in (select distinct(ss_cdemo_sk) from unmasque_dscale.store_sales) and sr_cdemo_sk not in (select distinct(sr_cdemo_sk) from unmasque_dscale.store_returns) Limit 287867) ; 
2025-04-30 12:03:19,764- Scale Down - DEBUG   : store_returns 204110 
2025-04-30 12:03:19,764- Scale Down - DEBUG   : ..cur execute..insert into unmasque_dscale.web_returns (select * from public.web_returns where wr_refunded_cdemo_sk in (select distinct(ss_cdemo_sk) from unmasque_dscale.store_sales) and wr_refunded_cdemo_sk not in (select distinct(wr_refunded_cdemo_sk) from unmasque_dscale.web_returns) Limit 71654) ; 
2025-04-30 12:03:19,807- Scale Down - DEBUG   : web_returns 50867 
2025-04-30 12:03:19,807- Scale Down - DEBUG   : ..cur execute..insert into unmasque_dscale.web_returns (select * from public.web_returns where wr_returning_cdemo_sk in (select distinct(ss_cdemo_sk) from unmasque_dscale.store_sales) and wr_returning_cdemo_sk not in (select distinct(wr_returning_cdemo_sk) from unmasque_dscale.web_returns) Limit 71654) ; 
2025-04-30 12:03:19,858- Scale Down - DEBUG   : web_returns 50867 
2025-04-30 12:03:19,858- Scale Down - DEBUG   : ..cur execute..insert into unmasque_dscale.web_sales (select * from public.web_sales where ws_bill_cdemo_sk in (select distinct(ss_cdemo_sk) from unmasque_dscale.store_sales) and ws_bill_cdemo_sk not in (select distinct(ws_bill_cdemo_sk) from unmasque_dscale.web_sales) Limit 719384) ; 
2025-04-30 12:03:20,164- Scale Down - DEBUG   : web_sales 509129 
2025-04-30 12:03:20,164- Scale Down - DEBUG   : ..cur execute..insert into unmasque_dscale.web_sales (select * from public.web_sales where ws_ship_cdemo_sk in (select distinct(ss_cdemo_sk) from unmasque_dscale.store_sales) and ws_ship_cdemo_sk not in (select distinct(ws_ship_cdemo_sk) from unmasque_dscale.web_sales) Limit 719384) ; 
2025-04-30 12:03:20,469- Scale Down - DEBUG   : web_sales 509129 
2025-04-30 12:03:20,470- Scale Down - DEBUG   : ..cur execute..insert into unmasque_dscale.store_sales (select * from public.store_sales tablesample system(0.16) where (ss_customer_sk) not in (select distinct(ss_customer_sk) from unmasque_dscale.store_sales) Limit 2880404 ); 
2025-04-30 12:03:20,914- Scale Down - DEBUG   : store_sales 2038673 
2025-04-30 12:03:20,914- Scale Down - DEBUG   : ..cur execute..insert into unmasque_dscale.customer (select * from public.customer where c_customer_sk in (select distinct(ss_customer_sk) from unmasque_dscale.store_sales) and c_customer_sk not in (select distinct(c_customer_sk) from unmasque_dscale.customer) Limit 100000) ; 
2025-04-30 12:03:21,377- Scale Down - DEBUG   : customer 99934 
2025-04-30 12:03:21,377- Scale Down - DEBUG   : ..cur execute..insert into unmasque_dscale.catalog_returns (select * from public.catalog_returns where cr_refunded_customer_sk in (select distinct(ss_customer_sk) from unmasque_dscale.store_sales) and cr_refunded_customer_sk not in (select distinct(cr_refunded_customer_sk) from unmasque_dscale.catalog_returns) Limit 144067) ; 
2025-04-30 12:03:21,467- Scale Down - DEBUG   : catalog_returns 141155 
2025-04-30 12:03:21,467- Scale Down - DEBUG   : ..cur execute..insert into unmasque_dscale.catalog_returns (select * from public.catalog_returns where cr_returning_customer_sk in (select distinct(ss_customer_sk) from unmasque_dscale.store_sales) and cr_returning_customer_sk not in (select distinct(cr_returning_customer_sk) from unmasque_dscale.catalog_returns) Limit 144067) ; 
2025-04-30 12:03:21,564- Scale Down - DEBUG   : catalog_returns 141155 
2025-04-30 12:03:21,564- Scale Down - DEBUG   : ..cur execute..insert into unmasque_dscale.catalog_sales (select * from public.catalog_sales where cs_bill_customer_sk in (select distinct(ss_customer_sk) from unmasque_dscale.store_sales) and cs_bill_customer_sk not in (select distinct(cs_bill_customer_sk) from unmasque_dscale.catalog_sales) Limit 1441548) ; 
2025-04-30 12:03:22,054- Scale Down - DEBUG   : catalog_sales 849074 
2025-04-30 12:03:22,054- Scale Down - DEBUG   : ..cur execute..insert into unmasque_dscale.catalog_sales (select * from public.catalog_sales where cs_ship_customer_sk in (select distinct(ss_customer_sk) from unmasque_dscale.store_sales) and cs_ship_customer_sk not in (select distinct(cs_ship_customer_sk) from unmasque_dscale.catalog_sales) Limit 1441548) ; 
2025-04-30 12:03:22,590- Scale Down - DEBUG   : catalog_sales 849074 
2025-04-30 12:03:22,591- Scale Down - DEBUG   : ..cur execute..insert into unmasque_dscale.store_returns (select * from public.store_returns where sr_customer_sk in (select distinct(ss_customer_sk) from unmasque_dscale.store_sales) and sr_customer_sk not in (select distinct(sr_customer_sk) from unmasque_dscale.store_returns) Limit 287867) ; 
2025-04-30 12:03:22,732- Scale Down - DEBUG   : store_returns 204110 
2025-04-30 12:03:22,732- Scale Down - DEBUG   : ..cur execute..insert into unmasque_dscale.web_returns (select * from public.web_returns where wr_refunded_customer_sk in (select distinct(ss_customer_sk) from unmasque_dscale.store_sales) and wr_refunded_customer_sk not in (select distinct(wr_refunded_customer_sk) from unmasque_dscale.web_returns) Limit 71654) ; 
2025-04-30 12:03:22,769- Scale Down - DEBUG   : web_returns 50867 
2025-04-30 12:03:22,769- Scale Down - DEBUG   : ..cur execute..insert into unmasque_dscale.web_returns (select * from public.web_returns where wr_returning_customer_sk in (select distinct(ss_customer_sk) from unmasque_dscale.store_sales) and wr_returning_customer_sk not in (select distinct(wr_returning_customer_sk) from unmasque_dscale.web_returns) Limit 71654) ; 
2025-04-30 12:03:22,807- Scale Down - DEBUG   : web_returns 50867 
2025-04-30 12:03:22,807- Scale Down - DEBUG   : ..cur execute..insert into unmasque_dscale.web_sales (select * from public.web_sales where ws_bill_customer_sk in (select distinct(ss_customer_sk) from unmasque_dscale.store_sales) and ws_bill_customer_sk not in (select distinct(ws_bill_customer_sk) from unmasque_dscale.web_sales) Limit 719384) ; 
2025-04-30 12:03:23,093- Scale Down - DEBUG   : web_sales 509129 
2025-04-30 12:03:23,093- Scale Down - DEBUG   : ..cur execute..insert into unmasque_dscale.web_sales (select * from public.web_sales where ws_ship_customer_sk in (select distinct(ss_customer_sk) from unmasque_dscale.store_sales) and ws_ship_customer_sk not in (select distinct(ws_ship_customer_sk) from unmasque_dscale.web_sales) Limit 719384) ; 
2025-04-30 12:03:23,393- Scale Down - DEBUG   : web_sales 509129 
2025-04-30 12:03:23,393- Scale Down - DEBUG   : ..cur execute..insert into unmasque_dscale.inventory (select * from public.inventory tablesample system(0.16) where (inv_date_sk) not in (select distinct(inv_date_sk) from unmasque_dscale.inventory) Limit 11745000 ); 
2025-04-30 12:03:23,423- Scale Down - DEBUG   : inventory 35335 
2025-04-30 12:03:23,423- Scale Down - DEBUG   : ..cur execute..insert into unmasque_dscale.date_dim (select * from public.date_dim where d_date_sk in (select distinct(inv_date_sk) from unmasque_dscale.inventory) and d_date_sk not in (select distinct(d_date_sk) from unmasque_dscale.date_dim) Limit 73049) ; 
2025-04-30 12:03:23,440- Scale Down - DEBUG   : date_dim 148 
2025-04-30 12:03:23,440- Scale Down - DEBUG   : ..cur execute..insert into unmasque_dscale.customer (select * from public.customer where c_first_sales_date_sk in (select distinct(inv_date_sk) from unmasque_dscale.inventory) and c_first_sales_date_sk not in (select distinct(c_first_sales_date_sk) from unmasque_dscale.customer) Limit 100000) ; 
2025-04-30 12:03:23,487- Scale Down - DEBUG   : customer 99934 
2025-04-30 12:03:23,487- Scale Down - DEBUG   : ..cur execute..insert into unmasque_dscale.customer (select * from public.customer where c_first_shipto_date_sk in (select distinct(inv_date_sk) from unmasque_dscale.inventory) and c_first_shipto_date_sk not in (select distinct(c_first_shipto_date_sk) from unmasque_dscale.customer) Limit 100000) ; 
2025-04-30 12:03:23,533- Scale Down - DEBUG   : customer 99934 
2025-04-30 12:03:23,533- Scale Down - DEBUG   : ..cur execute..insert into unmasque_dscale.call_center (select * from public.call_center where cc_closed_date_sk in (select distinct(inv_date_sk) from unmasque_dscale.inventory) and cc_closed_date_sk not in (select distinct(cc_closed_date_sk) from unmasque_dscale.call_center) Limit 6) ; 
2025-04-30 12:03:23,534- Scale Down - DEBUG   : call_center 6 
2025-04-30 12:03:23,534- Scale Down - DEBUG   : ..cur execute..insert into unmasque_dscale.call_center (select * from public.call_center where cc_open_date_sk in (select distinct(inv_date_sk) from unmasque_dscale.inventory) and cc_open_date_sk not in (select distinct(cc_open_date_sk) from unmasque_dscale.call_center) Limit 6) ; 
2025-04-30 12:03:23,535- Scale Down - DEBUG   : call_center 6 
2025-04-30 12:03:23,535- Scale Down - DEBUG   : ..cur execute..insert into unmasque_dscale.catalog_page (select * from public.catalog_page where cp_end_date_sk in (select distinct(inv_date_sk) from unmasque_dscale.inventory) and cp_end_date_sk not in (select distinct(cp_end_date_sk) from unmasque_dscale.catalog_page) Limit 11718) ; 
2025-04-30 12:03:23,537- Scale Down - DEBUG   : catalog_page 1554 
2025-04-30 12:03:23,538- Scale Down - DEBUG   : ..cur execute..insert into unmasque_dscale.catalog_page (select * from public.catalog_page where cp_start_date_sk in (select distinct(inv_date_sk) from unmasque_dscale.inventory) and cp_start_date_sk not in (select distinct(cp_start_date_sk) from unmasque_dscale.catalog_page) Limit 11718) ; 
2025-04-30 12:03:23,540- Scale Down - DEBUG   : catalog_page 1554 
2025-04-30 12:03:23,540- Scale Down - DEBUG   : ..cur execute..insert into unmasque_dscale.catalog_returns (select * from public.catalog_returns where cr_returned_date_sk in (select distinct(inv_date_sk) from unmasque_dscale.inventory) and cr_returned_date_sk not in (select distinct(cr_returned_date_sk) from unmasque_dscale.catalog_returns) Limit 144067) ; 
2025-04-30 12:03:23,618- Scale Down - DEBUG   : catalog_returns 141155 
2025-04-30 12:03:23,619- Scale Down - DEBUG   : ..cur execute..insert into unmasque_dscale.catalog_sales (select * from public.catalog_sales where cs_ship_date_sk in (select distinct(inv_date_sk) from unmasque_dscale.inventory) and cs_ship_date_sk not in (select distinct(cs_ship_date_sk) from unmasque_dscale.catalog_sales) Limit 1441548) ; 
2025-04-30 12:03:24,053- Scale Down - DEBUG   : catalog_sales 849074 
2025-04-30 12:03:24,053- Scale Down - DEBUG   : ..cur execute..insert into unmasque_dscale.catalog_sales (select * from public.catalog_sales where cs_sold_date_sk in (select distinct(inv_date_sk) from unmasque_dscale.inventory) and cs_sold_date_sk not in (select distinct(cs_sold_date_sk) from unmasque_dscale.catalog_sales) Limit 1441548) ; 
2025-04-30 12:03:24,501- Scale Down - DEBUG   : catalog_sales 849074 
2025-04-30 12:03:24,501- Scale Down - DEBUG   : ..cur execute..insert into unmasque_dscale.promotion (select * from public.promotion where p_end_date_sk in (select distinct(inv_date_sk) from unmasque_dscale.inventory) and p_end_date_sk not in (select distinct(p_end_date_sk) from unmasque_dscale.promotion) Limit 300) ; 
2025-04-30 12:03:24,502- Scale Down - DEBUG   : promotion 208 
2025-04-30 12:03:24,502- Scale Down - DEBUG   : ..cur execute..insert into unmasque_dscale.promotion (select * from public.promotion where p_start_date_sk in (select distinct(inv_date_sk) from unmasque_dscale.inventory) and p_start_date_sk not in (select distinct(p_start_date_sk) from unmasque_dscale.promotion) Limit 300) ; 
2025-04-30 12:03:24,504- Scale Down - DEBUG   : promotion 208 
2025-04-30 12:03:24,504- Scale Down - DEBUG   : ..cur execute..insert into unmasque_dscale.store (select * from public.store where s_closed_date_sk in (select distinct(inv_date_sk) from unmasque_dscale.inventory) and s_closed_date_sk not in (select distinct(s_closed_date_sk) from unmasque_dscale.store) Limit 12) ; 
2025-04-30 12:03:24,519- Scale Down - DEBUG   : store 0 
2025-04-30 12:03:24,519- Scale Down - DEBUG   : ..cur execute..insert into unmasque_dscale.store_returns (select * from public.store_returns where sr_returned_date_sk in (select distinct(inv_date_sk) from unmasque_dscale.inventory) and sr_returned_date_sk not in (select distinct(sr_returned_date_sk) from unmasque_dscale.store_returns) Limit 287867) ; 
2025-04-30 12:03:24,628- Scale Down - DEBUG   : store_returns 204110 
2025-04-30 12:03:24,628- Scale Down - DEBUG   : ..cur execute..insert into unmasque_dscale.store_sales (select * from public.store_sales where ss_sold_date_sk in (select distinct(inv_date_sk) from unmasque_dscale.inventory) and ss_sold_date_sk not in (select distinct(ss_sold_date_sk) from unmasque_dscale.store_sales) Limit 2880404) ; 
2025-04-30 12:03:25,354- Scale Down - DEBUG   : store_sales 2038673 
2025-04-30 12:03:25,355- Scale Down - DEBUG   : ..cur execute..insert into unmasque_dscale.web_site (select * from public.web_site where web_close_date_sk in (select distinct(inv_date_sk) from unmasque_dscale.inventory) and web_close_date_sk not in (select distinct(web_close_date_sk) from unmasque_dscale.web_site) Limit 30) ; 
2025-04-30 12:03:25,359- Scale Down - DEBUG   : web_site 0 
2025-04-30 12:03:25,360- Scale Down - DEBUG   : ..cur execute..insert into unmasque_dscale.web_site (select * from public.web_site where web_open_date_sk in (select distinct(inv_date_sk) from unmasque_dscale.inventory) and web_open_date_sk not in (select distinct(web_open_date_sk) from unmasque_dscale.web_site) Limit 30) ; 
2025-04-30 12:03:25,364- Scale Down - DEBUG   : web_site 0 
2025-04-30 12:03:25,364- Scale Down - DEBUG   : ..cur execute..insert into unmasque_dscale.web_page (select * from public.web_page where wp_access_date_sk in (select distinct(inv_date_sk) from unmasque_dscale.inventory) and wp_access_date_sk not in (select distinct(wp_access_date_sk) from unmasque_dscale.web_page) Limit 60) ; 
2025-04-30 12:03:25,368- Scale Down - DEBUG   : web_page 3 
2025-04-30 12:03:25,368- Scale Down - DEBUG   : ..cur execute..insert into unmasque_dscale.web_page (select * from public.web_page where wp_creation_date_sk in (select distinct(inv_date_sk) from unmasque_dscale.inventory) and wp_creation_date_sk not in (select distinct(wp_creation_date_sk) from unmasque_dscale.web_page) Limit 60) ; 
2025-04-30 12:03:25,373- Scale Down - DEBUG   : web_page 11 
2025-04-30 12:03:25,373- Scale Down - DEBUG   : ..cur execute..insert into unmasque_dscale.web_returns (select * from public.web_returns where wr_returned_date_sk in (select distinct(inv_date_sk) from unmasque_dscale.inventory) and wr_returned_date_sk not in (select distinct(wr_returned_date_sk) from unmasque_dscale.web_returns) Limit 71654) ; 
2025-04-30 12:03:25,399- Scale Down - DEBUG   : web_returns 50867 
2025-04-30 12:03:25,399- Scale Down - DEBUG   : ..cur execute..insert into unmasque_dscale.web_sales (select * from public.web_sales where ws_sold_date_sk in (select distinct(inv_date_sk) from unmasque_dscale.inventory) and ws_sold_date_sk not in (select distinct(ws_sold_date_sk) from unmasque_dscale.web_sales) Limit 719384) ; 
2025-04-30 12:03:25,652- Scale Down - DEBUG   : web_sales 509129 
2025-04-30 12:03:25,652- Scale Down - DEBUG   : ..cur execute..insert into unmasque_dscale.web_sales (select * from public.web_sales where ws_ship_date_sk in (select distinct(inv_date_sk) from unmasque_dscale.inventory) and ws_ship_date_sk not in (select distinct(ws_ship_date_sk) from unmasque_dscale.web_sales) Limit 719384) ; 
2025-04-30 12:03:25,903- Scale Down - DEBUG   : web_sales 509129 
2025-04-30 12:03:25,903- Scale Down - DEBUG   : ..cur execute..insert into unmasque_dscale.store_sales (select * from public.store_sales tablesample system(0.16) where (ss_hdemo_sk) not in (select distinct(ss_hdemo_sk) from unmasque_dscale.store_sales) Limit 2880404 ); 
2025-04-30 12:03:26,314- Scale Down - DEBUG   : store_sales 2038673 
2025-04-30 12:03:26,315- Scale Down - DEBUG   : ..cur execute..insert into unmasque_dscale.household_demographics (select * from public.household_demographics where hd_demo_sk in (select distinct(ss_hdemo_sk) from unmasque_dscale.store_sales) and hd_demo_sk not in (select distinct(hd_demo_sk) from unmasque_dscale.household_demographics) Limit 7200) ; 
2025-04-30 12:03:26,678- Scale Down - DEBUG   : household_demographics 7200 
2025-04-30 12:03:26,679- Scale Down - DEBUG   : ..cur execute..insert into unmasque_dscale.customer (select * from public.customer where c_current_hdemo_sk in (select distinct(ss_hdemo_sk) from unmasque_dscale.store_sales) and c_current_hdemo_sk not in (select distinct(c_current_hdemo_sk) from unmasque_dscale.customer) Limit 100000) ; 
2025-04-30 12:03:26,739- Scale Down - DEBUG   : customer 99934 
2025-04-30 12:03:26,739- Scale Down - DEBUG   : ..cur execute..insert into unmasque_dscale.catalog_returns (select * from public.catalog_returns where cr_refunded_hdemo_sk in (select distinct(ss_hdemo_sk) from unmasque_dscale.store_sales) and cr_refunded_hdemo_sk not in (select distinct(cr_refunded_hdemo_sk) from unmasque_dscale.catalog_returns) Limit 144067) ; 
2025-04-30 12:03:26,846- Scale Down - DEBUG   : catalog_returns 141155 
2025-04-30 12:03:26,846- Scale Down - DEBUG   : ..cur execute..insert into unmasque_dscale.catalog_returns (select * from public.catalog_returns where cr_returning_hdemo_sk in (select distinct(ss_hdemo_sk) from unmasque_dscale.store_sales) and cr_returning_hdemo_sk not in (select distinct(cr_returning_hdemo_sk) from unmasque_dscale.catalog_returns) Limit 144067) ; 
2025-04-30 12:03:26,969- Scale Down - DEBUG   : catalog_returns 141155 
2025-04-30 12:03:26,969- Scale Down - DEBUG   : ..cur execute..insert into unmasque_dscale.catalog_sales (select * from public.catalog_sales where cs_bill_hdemo_sk in (select distinct(ss_hdemo_sk) from unmasque_dscale.store_sales) and cs_bill_hdemo_sk not in (select distinct(cs_bill_hdemo_sk) from unmasque_dscale.catalog_sales) Limit 1441548) ; 
2025-04-30 12:03:27,477- Scale Down - DEBUG   : catalog_sales 849074 
2025-04-30 12:03:27,477- Scale Down - DEBUG   : ..cur execute..insert into unmasque_dscale.catalog_sales (select * from public.catalog_sales where cs_ship_hdemo_sk in (select distinct(ss_hdemo_sk) from unmasque_dscale.store_sales) and cs_ship_hdemo_sk not in (select distinct(cs_ship_hdemo_sk) from unmasque_dscale.catalog_sales) Limit 1441548) ; 
2025-04-30 12:03:28,012- Scale Down - DEBUG   : catalog_sales 849074 
2025-04-30 12:03:28,012- Scale Down - DEBUG   : ..cur execute..insert into unmasque_dscale.store_returns (select * from public.store_returns where sr_hdemo_sk in (select distinct(ss_hdemo_sk) from unmasque_dscale.store_sales) and sr_hdemo_sk not in (select distinct(sr_hdemo_sk) from unmasque_dscale.store_returns) Limit 287867) ; 
2025-04-30 12:03:28,118- Scale Down - DEBUG   : store_returns 204110 
2025-04-30 12:03:28,119- Scale Down - DEBUG   : ..cur execute..insert into unmasque_dscale.web_returns (select * from public.web_returns where wr_refunded_hdemo_sk in (select distinct(ss_hdemo_sk) from unmasque_dscale.store_sales) and wr_refunded_hdemo_sk not in (select distinct(wr_refunded_hdemo_sk) from unmasque_dscale.web_returns) Limit 71654) ; 
2025-04-30 12:03:28,148- Scale Down - DEBUG   : web_returns 50867 
2025-04-30 12:03:28,148- Scale Down - DEBUG   : ..cur execute..insert into unmasque_dscale.web_returns (select * from public.web_returns where wr_returning_hdemo_sk in (select distinct(ss_hdemo_sk) from unmasque_dscale.store_sales) and wr_returning_hdemo_sk not in (select distinct(wr_returning_hdemo_sk) from unmasque_dscale.web_returns) Limit 71654) ; 
2025-04-30 12:03:28,199- Scale Down - DEBUG   : web_returns 50867 
2025-04-30 12:03:28,200- Scale Down - DEBUG   : ..cur execute..insert into unmasque_dscale.web_sales (select * from public.web_sales where ws_bill_hdemo_sk in (select distinct(ss_hdemo_sk) from unmasque_dscale.store_sales) and ws_bill_hdemo_sk not in (select distinct(ws_bill_hdemo_sk) from unmasque_dscale.web_sales) Limit 719384) ; 
2025-04-30 12:03:28,484- Scale Down - DEBUG   : web_sales 509129 
2025-04-30 12:03:28,484- Scale Down - DEBUG   : ..cur execute..insert into unmasque_dscale.web_sales (select * from public.web_sales where ws_ship_hdemo_sk in (select distinct(ss_hdemo_sk) from unmasque_dscale.store_sales) and ws_ship_hdemo_sk not in (select distinct(ws_ship_hdemo_sk) from unmasque_dscale.web_sales) Limit 719384) ; 
2025-04-30 12:03:28,775- Scale Down - DEBUG   : web_sales 509129 
2025-04-30 12:03:28,776- Scale Down - DEBUG   : ..cur execute..insert into unmasque_dscale.household_demographics (select * from public.household_demographics tablesample system(0.16) where (hd_income_band_sk) not in (select distinct(hd_income_band_sk) from unmasque_dscale.household_demographics) Limit 7200 ); 
2025-04-30 12:03:28,777- Scale Down - DEBUG   : household_demographics 7200 
2025-04-30 12:03:28,777- Scale Down - DEBUG   : ..cur execute..insert into unmasque_dscale.income_band (select * from public.income_band where ib_income_band_sk in (select distinct(hd_income_band_sk) from unmasque_dscale.household_demographics) and ib_income_band_sk not in (select distinct(ib_income_band_sk) from unmasque_dscale.income_band) Limit 20) ; 
2025-04-30 12:03:28,779- Scale Down - DEBUG   : income_band 20 
2025-04-30 12:03:28,779- Scale Down - DEBUG   : ..cur execute..insert into unmasque_dscale.inventory (select * from public.inventory tablesample system(0.16) where (inv_warehouse_sk) not in (select distinct(inv_warehouse_sk) from unmasque_dscale.inventory) Limit 11745000 ); 
2025-04-30 12:03:28,789- Scale Down - DEBUG   : inventory 35335 
2025-04-30 12:03:28,789- Scale Down - DEBUG   : ..cur execute..insert into unmasque_dscale.warehouse (select * from public.warehouse where w_warehouse_sk in (select distinct(inv_warehouse_sk) from unmasque_dscale.inventory) and w_warehouse_sk not in (select distinct(w_warehouse_sk) from unmasque_dscale.warehouse) Limit 5) ; 
2025-04-30 12:03:28,794- Scale Down - DEBUG   : warehouse 5 
2025-04-30 12:03:28,794- Scale Down - DEBUG   : ..cur execute..insert into unmasque_dscale.catalog_returns (select * from public.catalog_returns where cr_warehouse_sk in (select distinct(inv_warehouse_sk) from unmasque_dscale.inventory) and cr_warehouse_sk not in (select distinct(cr_warehouse_sk) from unmasque_dscale.catalog_returns) Limit 144067) ; 
2025-04-30 12:03:28,860- Scale Down - DEBUG   : catalog_returns 141155 
2025-04-30 12:03:28,860- Scale Down - DEBUG   : ..cur execute..insert into unmasque_dscale.catalog_sales (select * from public.catalog_sales where cs_warehouse_sk in (select distinct(inv_warehouse_sk) from unmasque_dscale.inventory) and cs_warehouse_sk not in (select distinct(cs_warehouse_sk) from unmasque_dscale.catalog_sales) Limit 1441548) ; 
2025-04-30 12:03:29,335- Scale Down - DEBUG   : catalog_sales 849074 
2025-04-30 12:03:29,335- Scale Down - DEBUG   : ..cur execute..insert into unmasque_dscale.web_sales (select * from public.web_sales where ws_warehouse_sk in (select distinct(inv_warehouse_sk) from unmasque_dscale.inventory) and ws_warehouse_sk not in (select distinct(ws_warehouse_sk) from unmasque_dscale.web_sales) Limit 719384) ; 
2025-04-30 12:03:29,640- Scale Down - DEBUG   : web_sales 509129 
2025-04-30 12:03:29,640- Scale Down - DEBUG   : ..cur execute..insert into unmasque_dscale.store_sales (select * from public.store_sales tablesample system(0.16) where (ss_promo_sk) not in (select distinct(ss_promo_sk) from unmasque_dscale.store_sales) Limit 2880404 ); 
2025-04-30 12:03:30,054- Scale Down - DEBUG   : store_sales 2038673 
2025-04-30 12:03:30,054- Scale Down - DEBUG   : ..cur execute..insert into unmasque_dscale.promotion (select * from public.promotion where p_promo_sk in (select distinct(ss_promo_sk) from unmasque_dscale.store_sales) and p_promo_sk not in (select distinct(p_promo_sk) from unmasque_dscale.promotion) Limit 300) ; 
2025-04-30 12:03:30,491- Scale Down - DEBUG   : promotion 300 
2025-04-30 12:03:30,491- Scale Down - DEBUG   : ..cur execute..insert into unmasque_dscale.catalog_sales (select * from public.catalog_sales where cs_promo_sk in (select distinct(ss_promo_sk) from unmasque_dscale.store_sales) and cs_promo_sk not in (select distinct(cs_promo_sk) from unmasque_dscale.catalog_sales) Limit 1441548) ; 
2025-04-30 12:03:31,023- Scale Down - DEBUG   : catalog_sales 849074 
2025-04-30 12:03:31,023- Scale Down - DEBUG   : ..cur execute..insert into unmasque_dscale.web_sales (select * from public.web_sales where ws_promo_sk in (select distinct(ss_promo_sk) from unmasque_dscale.store_sales) and ws_promo_sk not in (select distinct(ws_promo_sk) from unmasque_dscale.web_sales) Limit 719384) ; 
2025-04-30 12:03:31,369- Scale Down - DEBUG   : web_sales 509129 
2025-04-30 12:03:31,369- Scale Down - DEBUG   : ..cur execute..insert into unmasque_dscale.store_returns (select * from public.store_returns tablesample system(0.16) where (sr_reason_sk) not in (select distinct(sr_reason_sk) from unmasque_dscale.store_returns) Limit 287867 ); 
2025-04-30 12:03:31,414- Scale Down - DEBUG   : store_returns 204110 
2025-04-30 12:03:31,414- Scale Down - DEBUG   : ..cur execute..insert into unmasque_dscale.reason (select * from public.reason where r_reason_sk in (select distinct(sr_reason_sk) from unmasque_dscale.store_returns) and r_reason_sk not in (select distinct(r_reason_sk) from unmasque_dscale.reason) Limit 35) ; 
2025-04-30 12:03:31,443- Scale Down - DEBUG   : reason 35 
2025-04-30 12:03:31,443- Scale Down - DEBUG   : ..cur execute..insert into unmasque_dscale.catalog_returns (select * from public.catalog_returns where cr_reason_sk in (select distinct(sr_reason_sk) from unmasque_dscale.store_returns) and cr_reason_sk not in (select distinct(cr_reason_sk) from unmasque_dscale.catalog_returns) Limit 144067) ; 
2025-04-30 12:03:31,503- Scale Down - DEBUG   : catalog_returns 141155 
2025-04-30 12:03:31,504- Scale Down - DEBUG   : ..cur execute..insert into unmasque_dscale.web_returns (select * from public.web_returns where wr_reason_sk in (select distinct(sr_reason_sk) from unmasque_dscale.store_returns) and wr_reason_sk not in (select distinct(wr_reason_sk) from unmasque_dscale.web_returns) Limit 71654) ; 
2025-04-30 12:03:31,530- Scale Down - DEBUG   : web_returns 50867 
2025-04-30 12:03:31,530- Scale Down - DEBUG   : ..cur execute..insert into unmasque_dscale.catalog_sales (select * from public.catalog_sales tablesample system(0.16) where (cs_ship_mode_sk) not in (select distinct(cs_ship_mode_sk) from unmasque_dscale.catalog_sales) Limit 1441548 ); 
2025-04-30 12:03:31,725- Scale Down - DEBUG   : catalog_sales 849074 
2025-04-30 12:03:31,725- Scale Down - DEBUG   : ..cur execute..insert into unmasque_dscale.ship_mode (select * from public.ship_mode where sm_ship_mode_sk in (select distinct(cs_ship_mode_sk) from unmasque_dscale.catalog_sales) and sm_ship_mode_sk not in (select distinct(sm_ship_mode_sk) from unmasque_dscale.ship_mode) Limit 20) ; 
2025-04-30 12:03:31,870- Scale Down - DEBUG   : ship_mode 20 
2025-04-30 12:03:31,870- Scale Down - DEBUG   : ..cur execute..insert into unmasque_dscale.catalog_returns (select * from public.catalog_returns where cr_ship_mode_sk in (select distinct(cs_ship_mode_sk) from unmasque_dscale.catalog_sales) and cr_ship_mode_sk not in (select distinct(cr_ship_mode_sk) from unmasque_dscale.catalog_returns) Limit 144067) ; 
2025-04-30 12:03:31,931- Scale Down - DEBUG   : catalog_returns 141155 
2025-04-30 12:03:31,931- Scale Down - DEBUG   : ..cur execute..insert into unmasque_dscale.web_sales (select * from public.web_sales where ws_ship_mode_sk in (select distinct(cs_ship_mode_sk) from unmasque_dscale.catalog_sales) and ws_ship_mode_sk not in (select distinct(ws_ship_mode_sk) from unmasque_dscale.web_sales) Limit 719384) ; 
2025-04-30 12:03:32,199- Scale Down - DEBUG   : web_sales 509129 
2025-04-30 12:03:32,199- Scale Down - DEBUG   : ..cur execute..insert into unmasque_dscale.store_sales (select * from public.store_sales tablesample system(0.16) where (ss_store_sk) not in (select distinct(ss_store_sk) from unmasque_dscale.store_sales) Limit 2880404 ); 
2025-04-30 12:03:32,630- Scale Down - DEBUG   : store_sales 2038673 
2025-04-30 12:03:32,631- Scale Down - DEBUG   : ..cur execute..insert into unmasque_dscale.store (select * from public.store where s_store_sk in (select distinct(ss_store_sk) from unmasque_dscale.store_sales) and s_store_sk not in (select distinct(s_store_sk) from unmasque_dscale.store) Limit 12) ; 
2025-04-30 12:03:33,088- Scale Down - DEBUG   : store 6 
2025-04-30 12:03:33,088- Scale Down - DEBUG   : ..cur execute..insert into unmasque_dscale.store_returns (select * from public.store_returns where sr_store_sk in (select distinct(ss_store_sk) from unmasque_dscale.store_sales) and sr_store_sk not in (select distinct(sr_store_sk) from unmasque_dscale.store_returns) Limit 287867) ; 
2025-04-30 12:03:33,238- Scale Down - DEBUG   : store_returns 204110 
2025-04-30 12:03:33,238- Scale Down - DEBUG   : ..cur execute..insert into unmasque_dscale.store_sales (select * from public.store_sales tablesample system(0.16) where (ss_sold_time_sk) not in (select distinct(ss_sold_time_sk) from unmasque_dscale.store_sales) Limit 2880404 ); 
2025-04-30 12:03:33,788- Scale Down - DEBUG   : store_sales 2038673 
2025-04-30 12:03:33,789- Scale Down - DEBUG   : ..cur execute..insert into unmasque_dscale.time_dim (select * from public.time_dim where t_time_sk in (select distinct(ss_sold_time_sk) from unmasque_dscale.store_sales) and t_time_sk not in (select distinct(t_time_sk) from unmasque_dscale.time_dim) Limit 86400) ; 
2025-04-30 12:03:34,200- Scale Down - DEBUG   : time_dim 45646 
2025-04-30 12:03:34,200- Scale Down - DEBUG   : ..cur execute..insert into unmasque_dscale.catalog_returns (select * from public.catalog_returns where cr_returned_time_sk in (select distinct(ss_sold_time_sk) from unmasque_dscale.store_sales) and cr_returned_time_sk not in (select distinct(cr_returned_time_sk) from unmasque_dscale.catalog_returns) Limit 144067) ; 
2025-04-30 12:03:34,636- Scale Down - DEBUG   : catalog_returns 141397 
2025-04-30 12:03:34,636- Scale Down - DEBUG   : ..cur execute..insert into unmasque_dscale.catalog_sales (select * from public.catalog_sales where cs_sold_time_sk in (select distinct(ss_sold_time_sk) from unmasque_dscale.store_sales) and cs_sold_time_sk not in (select distinct(cs_sold_time_sk) from unmasque_dscale.catalog_sales) Limit 1441548) ; 
2025-04-30 12:03:35,126- Scale Down - DEBUG   : catalog_sales 849074 
2025-04-30 12:03:35,126- Scale Down - DEBUG   : ..cur execute..insert into unmasque_dscale.store_returns (select * from public.store_returns where sr_return_time_sk in (select distinct(ss_sold_time_sk) from unmasque_dscale.store_sales) and sr_return_time_sk not in (select distinct(sr_return_time_sk) from unmasque_dscale.store_returns) Limit 287867) ; 
2025-04-30 12:03:35,274- Scale Down - DEBUG   : store_returns 204110 
2025-04-30 12:03:35,275- Scale Down - DEBUG   : ..cur execute..insert into unmasque_dscale.web_returns (select * from public.web_returns where wr_returned_time_sk in (select distinct(ss_sold_time_sk) from unmasque_dscale.store_sales) and wr_returned_time_sk not in (select distinct(wr_returned_time_sk) from unmasque_dscale.web_returns) Limit 71654) ; 
2025-04-30 12:03:35,318- Scale Down - DEBUG   : web_returns 50867 
2025-04-30 12:03:35,318- Scale Down - DEBUG   : ..cur execute..insert into unmasque_dscale.web_sales (select * from public.web_sales where ws_sold_time_sk in (select distinct(ss_sold_time_sk) from unmasque_dscale.store_sales) and ws_sold_time_sk not in (select distinct(ws_sold_time_sk) from unmasque_dscale.web_sales) Limit 719384) ; 
2025-04-30 12:03:35,615- Scale Down - DEBUG   : web_sales 509129 
2025-04-30 12:03:35,651- Scale Down - DEBUG   : ..cur execute..insert into unmasque_dscale.web_sales (select * from public.web_sales tablesample system(0.16) where (ws_web_page_sk) not in (select distinct(ws_web_page_sk) from unmasque_dscale.web_sales) Limit 719384 ); 
2025-04-30 12:03:35,799- Scale Down - DEBUG   : web_sales 509129 
2025-04-30 12:03:35,800- Scale Down - DEBUG   : ..cur execute..insert into unmasque_dscale.web_page (select * from public.web_page where wp_web_page_sk in (select distinct(ws_web_page_sk) from unmasque_dscale.web_sales) and wp_web_page_sk not in (select distinct(wp_web_page_sk) from unmasque_dscale.web_page) Limit 60) ; 
2025-04-30 12:03:35,885- Scale Down - DEBUG   : web_page 60 
2025-04-30 12:03:35,886- Scale Down - DEBUG   : ..cur execute..insert into unmasque_dscale.web_returns (select * from public.web_returns where wr_web_page_sk in (select distinct(ws_web_page_sk) from unmasque_dscale.web_sales) and wr_web_page_sk not in (select distinct(wr_web_page_sk) from unmasque_dscale.web_returns) Limit 71654) ; 
2025-04-30 12:03:35,910- Scale Down - DEBUG   : web_returns 50867 
2025-04-30 12:03:35,911- Scale Down - DEBUG   : ..cur execute..insert into unmasque_dscale.web_sales (select * from public.web_sales tablesample system(0.16) where (ws_web_site_sk) not in (select distinct(ws_web_site_sk) from unmasque_dscale.web_sales) Limit 719384 ); 
2025-04-30 12:03:36,040- Scale Down - DEBUG   : web_sales 509129 
2025-04-30 12:03:36,040- Scale Down - DEBUG   : ..cur execute..insert into unmasque_dscale.web_site (select * from public.web_site where web_site_sk in (select distinct(ws_web_site_sk) from unmasque_dscale.web_sales) and web_site_sk not in (select distinct(web_site_sk) from unmasque_dscale.web_site) Limit 30) ; 
2025-04-30 12:03:36,127- Scale Down - DEBUG   : web_site 30 
2025-04-30 12:03:36,127- Scale Down - DEBUG   : select count(*) from unmasque_dscale.call_center; 
2025-04-30 12:03:36,127- Scale Down - DEBUG   : call_center 6 
2025-04-30 12:03:36,127- Scale Down - DEBUG   : select count(*) from unmasque_dscale.catalog_page; 
2025-04-30 12:03:36,128- Scale Down - DEBUG   : catalog_page 1554 
2025-04-30 12:03:36,128- Scale Down - DEBUG   : select count(*) from unmasque_dscale.catalog_returns; 
2025-04-30 12:03:36,138- Scale Down - DEBUG   : catalog_returns 141397 
2025-04-30 12:03:36,138- Scale Down - DEBUG   : select count(*) from unmasque_dscale.catalog_sales; 
2025-04-30 12:03:36,188- Scale Down - DEBUG   : catalog_sales 849074 
2025-04-30 12:03:36,188- Scale Down - DEBUG   : select count(*) from unmasque_dscale.customer; 
2025-04-30 12:03:36,195- Scale Down - DEBUG   : customer 99934 
2025-04-30 12:03:36,196- Scale Down - DEBUG   : select count(*) from unmasque_dscale.customer_address; 
2025-04-30 12:03:36,199- Scale Down - DEBUG   : customer_address 49600 
2025-04-30 12:03:36,200- Scale Down - DEBUG   : select count(*) from unmasque_dscale.customer_demographics; 
2025-04-30 12:03:36,215- Scale Down - DEBUG   : customer_demographics 225771 
2025-04-30 12:03:36,216- Scale Down - DEBUG   : select count(*) from unmasque_dscale.date_dim; 
2025-04-30 12:03:36,216- Scale Down - DEBUG   : date_dim 148 
2025-04-30 12:03:36,216- Scale Down - DEBUG   : select count(*) from unmasque_dscale.household_demographics; 
2025-04-30 12:03:36,217- Scale Down - DEBUG   : household_demographics 7200 
2025-04-30 12:03:36,217- Scale Down - DEBUG   : select count(*) from unmasque_dscale.income_band; 
2025-04-30 12:03:36,217- Scale Down - DEBUG   : income_band 20 
2025-04-30 12:03:36,218- Scale Down - DEBUG   : select count(*) from unmasque_dscale.inventory; 
2025-04-30 12:03:36,221- Scale Down - DEBUG   : inventory 35335 
2025-04-30 12:03:36,221- Scale Down - DEBUG   : select count(*) from unmasque_dscale.item; 
2025-04-30 12:03:36,222- Scale Down - DEBUG   : item 11446 
2025-04-30 12:03:36,223- Scale Down - DEBUG   : select count(*) from unmasque_dscale.promotion; 
2025-04-30 12:03:36,223- Scale Down - DEBUG   : promotion 300 
2025-04-30 12:03:36,223- Scale Down - DEBUG   : select count(*) from unmasque_dscale.reason; 
2025-04-30 12:03:36,223- Scale Down - DEBUG   : reason 35 
2025-04-30 12:03:36,223- Scale Down - DEBUG   : select count(*) from unmasque_dscale.ship_mode; 
2025-04-30 12:03:36,224- Scale Down - DEBUG   : ship_mode 20 
2025-04-30 12:03:36,224- Scale Down - DEBUG   : select count(*) from unmasque_dscale.store; 
2025-04-30 12:03:36,224- Scale Down - DEBUG   : store 6 
2025-04-30 12:03:36,224- Scale Down - DEBUG   : select count(*) from unmasque_dscale.store_returns; 
2025-04-30 12:03:36,239- Scale Down - DEBUG   : store_returns 204110 
2025-04-30 12:03:36,239- Scale Down - DEBUG   : select count(*) from unmasque_dscale.store_sales; 
2025-04-30 12:03:36,302- Scale Down - DEBUG   : store_sales 2038673 
2025-04-30 12:03:36,302- Scale Down - DEBUG   : select count(*) from unmasque_dscale.time_dim; 
2025-04-30 12:03:36,307- Scale Down - DEBUG   : time_dim 45646 
2025-04-30 12:03:36,307- Scale Down - DEBUG   : select count(*) from unmasque_dscale.warehouse; 
2025-04-30 12:03:36,307- Scale Down - DEBUG   : warehouse 5 
2025-04-30 12:03:36,307- Scale Down - DEBUG   : select count(*) from unmasque_dscale.web_page; 
2025-04-30 12:03:36,308- Scale Down - DEBUG   : web_page 60 
2025-04-30 12:03:36,308- Scale Down - DEBUG   : select count(*) from unmasque_dscale.web_returns; 
2025-04-30 12:03:36,311- Scale Down - DEBUG   : web_returns 50867 
2025-04-30 12:03:36,312- Scale Down - DEBUG   : select count(*) from unmasque_dscale.web_sales; 
2025-04-30 12:03:36,346- Scale Down - DEBUG   : web_sales 509129 
2025-04-30 12:03:36,346- Scale Down - DEBUG   : select count(*) from unmasque_dscale.web_site; 
2025-04-30 12:03:36,346- Scale Down - DEBUG   : web_site 30 
2025-04-30 12:03:36,347- Executable - DEBUG   : ..cur execute..set search_path='unmasque_dscale'; Select * from catalog_sales Limit 10; 
2025-04-30 12:03:36,347- Executable - DEBUG   : Exe time: 0.0006382465362548828 
2025-04-30 12:03:36,348- Executable - DEBUG   : Result size:  11 
2025-04-30 12:03:36,348- Scale Down - DEBUG   : Sampling status: True 
2025-04-30 12:03:36,581- Scale Down - INFO    : Sampling is successful! 
2025-04-30 12:03:36,581- Scale Down - INFO    : Sampling Percentage: 0.16 
2025-04-30 12:03:36,581- Scale Down - DEBUG   : select count(*) from unmasque_dscale.call_center; 
2025-04-30 12:03:36,583- Scale Down - DEBUG   : select count(*) from unmasque_dscale.catalog_page; 
2025-04-30 12:03:36,584- Scale Down - DEBUG   : select count(*) from unmasque_dscale.catalog_returns; 
2025-04-30 12:03:36,609- Scale Down - DEBUG   : select count(*) from unmasque_dscale.catalog_sales; 
2025-04-30 12:03:36,667- Scale Down - DEBUG   : select count(*) from unmasque_dscale.customer; 
2025-04-30 12:03:36,681- Scale Down - DEBUG   : select count(*) from unmasque_dscale.customer_address; 
2025-04-30 12:03:36,686- Scale Down - DEBUG   : select count(*) from unmasque_dscale.customer_demographics; 
2025-04-30 12:03:36,704- Scale Down - DEBUG   : select count(*) from unmasque_dscale.date_dim; 
2025-04-30 12:03:36,704- Scale Down - DEBUG   : select count(*) from unmasque_dscale.household_demographics; 
2025-04-30 12:03:36,705- Scale Down - DEBUG   : select count(*) from unmasque_dscale.income_band; 
2025-04-30 12:03:36,705- Scale Down - DEBUG   : select count(*) from unmasque_dscale.inventory; 
2025-04-30 12:03:36,708- Scale Down - DEBUG   : select count(*) from unmasque_dscale.item; 
2025-04-30 12:03:36,711- Scale Down - DEBUG   : select count(*) from unmasque_dscale.promotion; 
2025-04-30 12:03:36,711- Scale Down - DEBUG   : select count(*) from unmasque_dscale.reason; 
2025-04-30 12:03:36,712- Scale Down - DEBUG   : select count(*) from unmasque_dscale.ship_mode; 
2025-04-30 12:03:36,712- Scale Down - DEBUG   : select count(*) from unmasque_dscale.store; 
2025-04-30 12:03:36,713- Scale Down - DEBUG   : select count(*) from unmasque_dscale.store_returns; 
2025-04-30 12:03:36,740- Scale Down - DEBUG   : select count(*) from unmasque_dscale.store_sales; 
2025-04-30 12:03:36,815- Scale Down - DEBUG   : select count(*) from unmasque_dscale.time_dim; 
2025-04-30 12:03:36,819- Scale Down - DEBUG   : select count(*) from unmasque_dscale.warehouse; 
2025-04-30 12:03:36,820- Scale Down - DEBUG   : select count(*) from unmasque_dscale.web_page; 
2025-04-30 12:03:36,820- Scale Down - DEBUG   : select count(*) from unmasque_dscale.web_returns; 
2025-04-30 12:03:36,825- Scale Down - DEBUG   : select count(*) from unmasque_dscale.web_sales; 
2025-04-30 12:03:36,862- Scale Down - DEBUG   : select count(*) from unmasque_dscale.web_site; 
2025-04-30 12:03:36,863- Scale Down - INFO    : {'call_center': 6, 'catalog_page': 1554, 'catalog_returns': 141397, 'catalog_sales': 849074, 'customer': 99934, 'customer_address': 49600, 'customer_demographics': 225771, 'date_dim': 148, 'household_demographics': 7200, 'income_band': 20, 'inventory': 35335, 'item': 11446, 'promotion': 300, 'reason': 35, 'ship_mode': 20, 'store': 6, 'store_returns': 204110, 'store_sales': 2038673, 'time_dim': 45646, 'warehouse': 5, 'web_page': 60, 'web_returns': 50867, 'web_sales': 509129, 'web_site': 30} 
2025-04-30 12:03:36,863- Scale Down - INFO    : Hopefully Scaling Down Worked! 
